Typetab KEY: Attribute
t_name: Attribute, t_actual: _Attribute, 
Eval:
args: ret: Attribute
Member: 
Key: second
Double
Key: value
Double

Typetab KEY: Bool
t_name: Bool, t_actual: _Bool, 
Eval:
args: v_name: a, v_actual: _aBool
ret: Bool
Member: 

Typetab KEY: Clip
t_name: Clip, t_actual: _Clip, 
Eval:
args: v_name: a, v_actual: _aString
ret: Clip
Member: 
Key: alpha
array of Attribute
Key: clips
array of Clip
Key: endtime
Double
Key: filename
String
Key: location_x
array of Attribute
Key: location_y
array of Attribute
Key: position
Double
Key: rotate
array of Attribute
Key: scale_x
array of Attribute
Key: scale_y
array of Attribute
Key: starttime
Double
Key: volume
array of Attribute

Typetab KEY: Clip_save
t_name: Clip_save, t_actual: _Clip_save, 
Eval:
args: v_name: self, v_actual: _selfClip
v_name: a, v_actual: _aString
ret: Void
Member: 

Typetab KEY: Double
t_name: Double, t_actual: _Double, 
Eval:
args: v_name: a, v_actual: _aDouble
ret: Double
args: v_name: a, v_actual: _aString
ret: Double
args: v_name: a, v_actual: _aInt
ret: Double
Member: 
Key: c
Double

Typetab KEY: Frame
t_name: Frame, t_actual: _Frame, 
Eval:
args: ret: Frame
Member: 
Key: height
Int
Key: width
Int

Typetab KEY: Int
t_name: Int, t_actual: _Int, 
Eval:
args: v_name: a, v_actual: _aInt
ret: Int
args: v_name: a, v_actual: _aString
ret: Int
args: v_name: a, v_actual: _aDouble
ret: Int
Member: 
Key: a
Int

Typetab KEY: Log
t_name: Log, t_actual: _Log, 
Eval:
args: v_name: a, v_actual: _aAttribute
ret: Attribute
args: v_name: a, v_actual: _aFrame
ret: Frame
args: v_name: a, v_actual: _aClip
ret: Clip
args: v_name: a, v_actual: _aString
ret: String
args: v_name: a, v_actual: _aDouble
ret: Double
args: v_name: a, v_actual: _aInt
ret: Int
Member: 

Typetab KEY: String
t_name: String, t_actual: _String, 
Eval:
args: v_name: a, v_actual: _aString
ret: String
args: v_name: a, v_actual: _aDouble
ret: String
args: v_name: a, v_actual: _aInt
ret: String
Member: 
Key: b
String

Typetab KEY: Void
t_name: Void, t_actual: _Void, 
Eval:
args: v_name: a, v_actual: _aVoid
ret: Void
Member: 

Typetab KEY: __Add
t_name: __Add, t_actual: ___Add, 
Eval:
args: v_name: a, v_actual: _aString
v_name: b, v_actual: _bString
ret: String
args: v_name: a, v_actual: _aDouble
v_name: b, v_actual: _bDouble
ret: Double
args: v_name: a, v_actual: _aInt
v_name: b, v_actual: _bInt
ret: Int
Member: 

Typetab KEY: __And
t_name: __And, t_actual: ___And, 
Eval:
args: v_name: a, v_actual: _aBool
v_name: b, v_actual: _bBool
ret: Bool
Member: 

Typetab KEY: __Div
t_name: __Div, t_actual: ___Div, 
Eval:
args: v_name: a, v_actual: _aDouble
v_name: b, v_actual: _bDouble
ret: Double
args: v_name: a, v_actual: _aInt
v_name: b, v_actual: _bInt
ret: Int
Member: 

Typetab KEY: __Eq
t_name: __Eq, t_actual: ___Eq, 
Eval:
args: v_name: a, v_actual: _aBool
v_name: b, v_actual: _bBool
ret: Bool
args: v_name: a, v_actual: _aDouble
v_name: b, v_actual: _bDouble
ret: Bool
args: v_name: a, v_actual: _aString
v_name: b, v_actual: _bString
ret: Bool
args: v_name: a, v_actual: _aInt
v_name: b, v_actual: _bInt
ret: Bool
Member: 

Typetab KEY: __Geq
t_name: __Geq, t_actual: ___Geq, 
Eval:
args: v_name: a, v_actual: _aDouble
v_name: b, v_actual: _bDouble
ret: Bool
args: v_name: a, v_actual: _aInt
v_name: b, v_actual: _bInt
ret: Bool
Member: 

Typetab KEY: __Gt
t_name: __Gt, t_actual: ___Gt, 
Eval:
args: v_name: a, v_actual: _aDouble
v_name: b, v_actual: _bDouble
ret: Bool
args: v_name: a, v_actual: _aInt
v_name: b, v_actual: _bInt
ret: Bool
Member: 

Typetab KEY: __Leq
t_name: __Leq, t_actual: ___Leq, 
Eval:
args: v_name: a, v_actual: _aDouble
v_name: b, v_actual: _bDouble
ret: Bool
args: v_name: a, v_actual: _aInt
v_name: b, v_actual: _bInt
ret: Bool
Member: 

Typetab KEY: __Less
t_name: __Less, t_actual: ___Less, 
Eval:
args: v_name: a, v_actual: _aDouble
v_name: b, v_actual: _bDouble
ret: Bool
args: v_name: a, v_actual: _aInt
v_name: b, v_actual: _bInt
ret: Bool
Member: 

Typetab KEY: __Mod
t_name: __Mod, t_actual: ___Mod, 
Eval:
args: v_name: a, v_actual: _aInt
v_name: b, v_actual: _bInt
ret: Int
Member: 

Typetab KEY: __Mult
t_name: __Mult, t_actual: ___Mult, 
Eval:
args: v_name: a, v_actual: _aDouble
v_name: b, v_actual: _bDouble
ret: Double
args: v_name: a, v_actual: _aInt
v_name: b, v_actual: _bInt
ret: Int
Member: 

Typetab KEY: __Neq
t_name: __Neq, t_actual: ___Neq, 
Eval:
args: v_name: a, v_actual: _aBool
v_name: b, v_actual: _bBool
ret: Bool
args: v_name: a, v_actual: _aDouble
v_name: b, v_actual: _bDouble
ret: Bool
args: v_name: a, v_actual: _aString
v_name: b, v_actual: _bString
ret: Bool
args: v_name: a, v_actual: _aInt
v_name: b, v_actual: _bInt
ret: Bool
Member: 

Typetab KEY: __Or
t_name: __Or, t_actual: ___Or, 
Eval:
args: v_name: a, v_actual: _aBool
v_name: b, v_actual: _bBool
ret: Bool
Member: 

Typetab KEY: __Sub
t_name: __Sub, t_actual: ___Sub, 
Eval:
args: v_name: a, v_actual: _aDouble
v_name: b, v_actual: _bDouble
ret: Double
args: v_name: a, v_actual: _aInt
v_name: b, v_actual: _bInt
ret: Int
Member: 

Typetab KEY: ocamlisgood
t_name: ocamlisgood, t_actual: _ocamlisgood, 
Eval:
args: v_name: c, v_actual: _cDouble
ret: String
args: v_name: b, v_actual: _bString
ret: String
args: v_name: a, v_actual: _aInt
ret: Int
Member: 

