if a > 1:
branch = 1
elif a == 1:
branch = "1"
else:branch = 1