type aaa
a$Int $
b$Double $
func bbb (a$Int new$)
a$Int $ = 1$Int $
b$Double new$ = 2.$Double $
return a$Int $$Int $
type clip
h$String $