type A
a$A $
b$A $
type B
a$A_B $
b$A $
func eval (self$A_B new$, c$Int new$)
return self$A_B $$A_B $
func eval (self$A_B new$)
return self$A_B $$A_B $